ASxxxx Linker V03.00 + NoICE + sdld,  page 1.
Hexadecimal  [32-Bits]

Area                                    Addr        Size        Decimal Bytes (Attributes)
--------------------------------        ----        ----        ------- ----- ------------
CABS                                00000000    00000000 =           0. bytes (ABS,CON,CODE)

      Value  Global                              Global Defined In Module
      -----  --------------------------------   ------------------------
C:   00000000  l_CABS                          
C:   00000000  l_CONST                         
C:   00000000  l_GSINIT1                       
C:   00000000  l_GSINIT5                       
C:   00000000  l_IABS                          
C:   00000000  l_ISEG                          
C:   00000000  l_PSEG                          
C:   00000000  l_REG_BANK_1                    
C:   00000000  l_REG_BANK_2                    
C:   00000000  l_REG_BANK_3                    
C:   00000000  l_RSEG                          
C:   00000000  l_RSEG0                         
C:   00000000  l_RSEG1                         
C:   00000000  l_XABS                          
C:   00000000  l_XINIT                         
C:   00000000  l_XISEG                         
C:   00000000  l__CODE                         
C:   00000000  s_BSEG                          
C:   00000000  s_CABS                          
C:   00000000  s_DSEG                          
C:   00000000  s_HOME                          
C:   00000000  s_IABS                          
C:   00000000  s_ISEG                          
C:   00000000  s_REG_BANK_0                    
C:   00000000  s_RSEG                          
C:   00000000  s_RSEG0                         
C:   00000000  s_RSEG1                         
C:   00000000  s_XABS                          
C:   00000001  l_BIT_BANK                      
C:   00000001  l_BSEG_BYTES                    
C:   00000001  s_PSEG                          
C:   00000001  s_XSEG                          
C:   00000002  l_BSEG                          
C:   00000003  l_GSFINAL                       
C:   00000003  l_GSINIT0                       
C:   00000005  l_OSEG                          
C:   00000008  l_REG_BANK_0                    
C:   00000008  s_REG_BANK_1                    
C:   0000000A  l_GSINIT2                       
C:   00000010  s_REG_BANK_2                    
C:   00000017  s_OSEG                          
C:   00000018  s_REG_BANK_3                    
C:   00000020  s_BSEG_BYTES                    
C:   00000020  s__CODE                         
C:   00000021  s_BIT_BANK                      
C:   00000022  l_GSINIT3                       
C:   0000002A  l_GSINIT4                       
C:   00000041  l_GSINIT                        
C:   00000061  l_HOME                          
C:   00000061  s_GSINIT0                       
ASxxxx Linker V03.00 + NoICE + sdld,  page 2.
Hexadecimal  [32-Bits]

Area                                    Addr        Size        Decimal Bytes (Attributes)
--------------------------------        ----        ----        ------- ----- ------------
CABS                                00000000    00000000 =           0. bytes (ABS,CON,CODE)

      Value  Global                              Global Defined In Module
      -----  --------------------------------   ------------------------
C:   00000064  s_GSINIT1                       
C:   00000064  s_GSINIT2                       
C:   0000006E  s_GSINIT3                       
C:   0000007C  l_DSEG                          
C:   0000007C  s_SSEG                          
C:   00000084  l_SSEG                          
C:   00000090  s_GSINIT4                       
C:   000000BA  s_GSINIT                        
C:   000000BA  s_GSINIT5                       
C:   000000FB  s_GSFINAL                       
C:   000000FE  s_CSEG                          
C:   00000100  l_IRAM                          
C:   00000258  l_XSEG                          
C:   00000259  s_XISEG                         
C:   00001C43  l_CSEG                          
C:   00001D41  s_CONST                         
C:   00001D41  s_XINIT                         

ASxxxx Linker V03.00 + NoICE + sdld,  page 3.
Hexadecimal  [32-Bits]

Area                                    Addr        Size        Decimal Bytes (Attributes)
--------------------------------        ----        ----        ------- ----- ------------
.  .ABS.                            00000000    00000000 =           0. bytes (ABS,CON)

      Value  Global                              Global Defined In Module
      -----  --------------------------------   ------------------------
     00000000  .__.ABS.                           _fsget1arg
     00000080  _p0                                WS2812
     00000081  _sp                                WS2812
     00000082  _dpl                               WS2812
     00000083  _dph                               WS2812
     00000084  _rctrim0                           WS2812
     00000085  _rctrim1                           WS2812
     00000086  _rwk                               WS2812
     00000087  _pcon                              WS2812
     00000088  _tcon                              WS2812
     00000089  _tmod                              WS2812
     0000008A  _tl0                               WS2812
     0000008B  _tl1                               WS2812
     0000008C  _th0                               WS2812
     0000008D  _th1                               WS2812
     0000008E  _ckcon                             WS2812
     0000008F  _wkcon                             WS2812
     00000090  _p1                                WS2812
     00000091  _sfrs                              WS2812
     00000092  _capcon0                           WS2812
     00000093  _capcon1                           WS2812
     00000094  _capcon2                           WS2812
     00000095  _ckdiv                             WS2812
     00000096  _ckswt                             WS2812
     00000097  _cken                              WS2812
     00000098  _scon                              WS2812
     00000099  _sbuf                              WS2812
     0000009A  _sbuf_1                            WS2812
     0000009B  _eie                               WS2812
     0000009C  _eie1                              WS2812
     0000009F  _chpcon                            WS2812
     000000A0  __XPAGE                            
     000000A0  _p2                                WS2812
     000000A2  _auxr1                             WS2812
     000000A3  _bodcon0                           WS2812
     000000A4  _iaptrg                            WS2812
     000000A5  _iapuen                            WS2812
     000000A6  _iapal                             WS2812
     000000A7  _iapah                             WS2812
     000000A8  _ie                                WS2812
     000000A9  _saddr                             WS2812
     000000AA  _wdcon                             WS2812
     000000AB  _bodcon1                           WS2812
     000000AC  _p3m1                              WS2812
     000000AC  _p3s                               WS2812
     000000AD  _p3m2                              WS2812
     000000AD  _p3sr                              WS2812
     000000AE  _iapfd                             WS2812
     000000AF  _iapcn                             WS2812
     000000B0  _p3                                WS2812
ASxxxx Linker V03.00 + NoICE + sdld,  page 4.
Hexadecimal  [32-Bits]

Area                                    Addr        Size        Decimal Bytes (Attributes)
--------------------------------        ----        ----        ------- ----- ------------
.  .ABS.                            00000000    00000000 =           0. bytes (ABS,CON)

      Value  Global                              Global Defined In Module
      -----  --------------------------------   ------------------------
     000000B1  _p0m1                              WS2812
     000000B1  _p0s                               WS2812
     000000B2  _p0m2                              WS2812
     000000B2  _p0sr                              WS2812
     000000B3  _p1m1                              WS2812
     000000B3  _p1s                               WS2812
     000000B4  _p1m2                              WS2812
     000000B4  _p1sr                              WS2812
     000000B5  _p2s                               WS2812
     000000B7  _iph                               WS2812
     000000B7  _pwmintc                           WS2812
     000000B8  _ip                                WS2812
     000000B9  _saden                             WS2812
     000000BA  _saden_1                           WS2812
     000000BB  _saddr_1                           WS2812
     000000BC  _i2dat                             WS2812
     000000BD  _i2stat                            WS2812
     000000BE  _i2clk                             WS2812
     000000BF  _i2toc                             WS2812
     000000C0  _i2con                             WS2812
     000000C1  _i2addr                            WS2812
     000000C2  _adcrl                             WS2812
     000000C3  _adcrh                             WS2812
     000000C4  _pwm4h                             WS2812
     000000C4  _t3con                             WS2812
     000000C5  _pwm5h                             WS2812
     000000C5  _rl3                               WS2812
     000000C6  _piocon1                           WS2812
     000000C6  _rh3                               WS2812
     000000C7  _ta                                WS2812
     000000C8  _t2con                             WS2812
     000000C9  _t2mod                             WS2812
     000000CA  _rcmp2l                            WS2812
     000000CB  _rcmp2h                            WS2812
     000000CC  _pwm4l                             WS2812
     000000CC  _tl2                               WS2812
     000000CD  _pwm5l                             WS2812
     000000CD  _th2                               WS2812
     000000CE  _adcmpl                            WS2812
     000000CF  _adcmph                            WS2812
     000000D0  _psw                               WS2812
     000000D1  _pwmph                             WS2812
     000000D2  _pwm0h                             WS2812
     000000D3  _pwm1h                             WS2812
     000000D4  _pwm2h                             WS2812
     000000D5  _pwm3h                             WS2812
     000000D6  _pnp                               WS2812
     000000D7  _fbd                               WS2812
     000000D8  _pwmcon0                           WS2812
     000000D9  _pwmpl                             WS2812
     000000DA  _pwm0l                             WS2812
ASxxxx Linker V03.00 + NoICE + sdld,  page 5.
Hexadecimal  [32-Bits]

Area                                    Addr        Size        Decimal Bytes (Attributes)
--------------------------------        ----        ----        ------- ----- ------------
.  .ABS.                            00000000    00000000 =           0. bytes (ABS,CON)

      Value  Global                              Global Defined In Module
      -----  --------------------------------   ------------------------
     000000DB  _pwm1l                             WS2812
     000000DC  _pwm2l                             WS2812
     000000DD  _pwm3l                             WS2812
     000000DE  _piocon0                           WS2812
     000000DF  _pwmcon1                           WS2812
     000000E0  _acc                               WS2812
     000000E1  _adccon1                           WS2812
     000000E2  _adccon2                           WS2812
     000000E3  _adcdly                            WS2812
     000000E4  _c0l                               WS2812
     000000E5  _c0h                               WS2812
     000000E6  _c1l                               WS2812
     000000E7  _c1h                               WS2812
     000000E8  _adccon0                           WS2812
     000000E9  _picon                             WS2812
     000000EA  _pinen                             WS2812
     000000EB  _pipen                             WS2812
     000000EC  _pif                               WS2812
     000000ED  _c2l                               WS2812
     000000EE  _c2h                               WS2812
     000000EF  _eip                               WS2812
     000000F0  _b                                 WS2812
     000000F1  _capcon3                           WS2812
     000000F2  _capcon4                           WS2812
     000000F3  _spcr                              WS2812
     000000F3  _spcr2                             WS2812
     000000F4  _spsr                              WS2812
     000000F5  _spdr                              WS2812
     000000F6  _aindids                           WS2812
     000000F7  _eiph                              WS2812
     000000F8  _scon_1                            WS2812
     000000F9  _pdten                             WS2812
     000000FA  _pdtcnt                            WS2812
     000000FB  _pmen                              WS2812
     000000FC  _pmd                               WS2812
     000000FE  _eip1                              WS2812
     000000FF  _eiph1                             WS2812
ASxxxx Linker V03.00 + NoICE + sdld,  page 6.
Hexadecimal  [32-Bits]

Area                                    Addr        Size        Decimal Bytes (Attributes)
--------------------------------        ----        ----        ------- ----- ------------
BSEG_BYTES                          00000020    00000001 =           1. bytes (REL,CON)

      Value  Global                              Global Defined In Module
      -----  --------------------------------   ------------------------
ASxxxx Linker V03.00 + NoICE + sdld,  page 7.
Hexadecimal  [32-Bits]

Area                                    Addr        Size        Decimal Bytes (Attributes)
--------------------------------        ----        ----        ------- ----- ------------
REG_BANK_0                          00000000    00000008 =           8. bytes (REL,OVR)

      Value  Global                              Global Defined In Module
      -----  --------------------------------   ------------------------
ASxxxx Linker V03.00 + NoICE + sdld,  page 8.
Hexadecimal  [32-Bits]

Area                                    Addr        Size        Decimal Bytes (Attributes)
--------------------------------        ----        ----        ------- ----- ------------
BIT_BANK                            00000021    00000001 =           1. bytes (REL,OVR)

      Value  Global                              Global Defined In Module
      -----  --------------------------------   ------------------------
ASxxxx Linker V03.00 + NoICE + sdld,  page 9.
Hexadecimal  [32-Bits]

Area                                    Addr        Size        Decimal Bytes (Attributes)
--------------------------------        ----        ----        ------- ----- ------------
DSEG                                00000000    0000007C =         124. bytes (REL,CON)

      Value  Global                              Global Defined In Module
      -----  --------------------------------   ------------------------
     00000008  _NUM_LEDS                          N76_WS2812
     0000000A  __delay                            N76_WS2812
     0000000C  _effect                            N76_WS2812
     0000000D  __status                           N76_WS2812
     0000000E  __cnt                              N76_WS2812
     0000000F  __color                            N76_WS2812
     00000010  _r2                                N76_WS2812
     00000011  _b2                                N76_WS2812
     00000012  _g2                                N76_WS2812
     00000022  _mang                              WS2812
     0000002F  _random2_PARM_2                    WS2812
     00000031  _setPixel_PARM_2                   WS2812
     00000032  _setPixel_PARM_3                   WS2812
     00000033  _setPixel_PARM_4                   WS2812
     00000034  _setAll_PARM_2                     WS2812
     00000035  _setAll_PARM_3                     WS2812
     00000036  _FadeInOut_PARM_2                  WS2812
     00000037  _FadeInOut_PARM_3                  WS2812
     0000003F  _Strobe_PARM_2                     WS2812
     00000040  _Strobe_PARM_3                     WS2812
     00000041  _Strobe_PARM_4                     WS2812
     00000043  _Strobe_PARM_5                     WS2812
     00000046  _CylonBounce_PARM_2                WS2812
     00000047  _CylonBounce_PARM_3                WS2812
     00000048  _CylonBounce_PARM_4                WS2812
     0000004A  _CylonBounce_PARM_5                WS2812
     00000055  _colorWipe_PARM_2                  WS2812
     00000056  _colorWipe_PARM_3                  WS2812
     00000057  _colorWipe_PARM_4                  WS2812
     0000005D  _theaterChase_PARM_2               WS2812
     0000005E  _theaterChase_PARM_3               WS2812
     00000068  _Pattern3_PARM_2                   WS2812
     00000069  _Pattern3_PARM_3                   WS2812
     0000006A  _Pattern3_PARM_4                   WS2812
     00000070  _fadeToBlackBy_PARM_2              WS2812
     00000073  _sinWave_PARM_2                    WS2812
     00000074  _sinWave_PARM_3                    WS2812

ASxxxx Linker V03.00 + NoICE + sdld,  page 10.
Hexadecimal  [32-Bits]

Area                                    Addr        Size        Decimal Bytes (Attributes)
--------------------------------        ----        ----        ------- ----- ------------
OSEG                                00000017    00000005 =           5. bytes (REL,OVR)

      Value  Global                              Global Defined In Module
      -----  --------------------------------   ------------------------
     00000017  _APROM_write_byte_PARM_2           N76_Flash
     00000017  __divsint_PARM_2                   _divuint
     00000017  __divuint_PARM_2                   _divuint
     00000017  __modsint_PARM_2                   _moduint
     00000017  __moduint_PARM_2                   _moduint
     00000017  __mulint_PARM_2                    _mulint
     00000017  __mullong_PARM_2                   _mullong
     00000017  _meteorRain_PARM_2                 WS2812
     00000018  _meteorRain_PARM_3                 WS2812
     00000019  _meteorRain_PARM_4                 WS2812
     0000001A  _meteorRain_PARM_5                 WS2812
     0000001B  _meteorRain_PARM_6                 WS2812
ASxxxx Linker V03.00 + NoICE + sdld,  page 11.
Hexadecimal  [32-Bits]

Area                                    Addr        Size        Decimal Bytes (Attributes)
--------------------------------        ----        ----        ------- ----- ------------
SSEG                                0000007C    00000084 =         132. bytes (REL,OVR)

      Value  Global                              Global Defined In Module
      -----  --------------------------------   ------------------------
     0000007C  __start__stack                     N76_WS2812

ASxxxx Linker V03.00 + NoICE + sdld,  page 12.
Hexadecimal  [32-Bits]

Area                                    Addr        Size        Decimal Bytes (Attributes)
--------------------------------        ----        ----        ------- ----- ------------
XSEG                                00000001    00000258 =         600. bytes (REL,CON,XDATA)

      Value  Global                              Global Defined In Module
      -----  --------------------------------   ------------------------
D:   00000001  _leds                              N76_WS2812

ASxxxx Linker V03.00 + NoICE + sdld,  page 13.
Hexadecimal  [32-Bits]

Area                                    Addr        Size        Decimal Bytes (Attributes)
--------------------------------        ----        ----        ------- ----- ------------
HOME                                00000000    00000061 =          97. bytes (REL,CON,CODE)

      Value  Global                              Global Defined In Module
      -----  --------------------------------   ------------------------
C:   0000005E  __sdcc_program_startup             N76_WS2812

ASxxxx Linker V03.00 + NoICE + sdld,  page 14.
Hexadecimal  [32-Bits]

Area                                    Addr        Size        Decimal Bytes (Attributes)
--------------------------------        ----        ----        ------- ----- ------------
GSINIT0                             00000061    00000003 =           3. bytes (REL,CON,CODE)

      Value  Global                              Global Defined In Module
      -----  --------------------------------   ------------------------
C:   00000061  __sdcc_gsinit_startup              

ASxxxx Linker V03.00 + NoICE + sdld,  page 15.
Hexadecimal  [32-Bits]

Area                                    Addr        Size        Decimal Bytes (Attributes)
--------------------------------        ----        ----        ------- ----- ------------
GSINIT2                             00000064    0000000A =          10. bytes (REL,CON,CODE)

      Value  Global                              Global Defined In Module
      -----  --------------------------------   ------------------------
ASxxxx Linker V03.00 + NoICE + sdld,  page 16.
Hexadecimal  [32-Bits]

Area                                    Addr        Size        Decimal Bytes (Attributes)
--------------------------------        ----        ----        ------- ----- ------------
GSINIT3                             0000006E    00000022 =          34. bytes (REL,CON,CODE)

      Value  Global                              Global Defined In Module
      -----  --------------------------------   ------------------------
C:   0000006E  __mcs51_genXINIT                   

ASxxxx Linker V03.00 + NoICE + sdld,  page 17.
Hexadecimal  [32-Bits]

Area                                    Addr        Size        Decimal Bytes (Attributes)
--------------------------------        ----        ----        ------- ----- ------------
GSINIT4                             00000090    0000002A =          42. bytes (REL,CON,CODE)

      Value  Global                              Global Defined In Module
      -----  --------------------------------   ------------------------
C:   00000090  __mcs51_genRAMCLEAR                
C:   00000096  __mcs51_genXRAMCLEAR               

ASxxxx Linker V03.00 + NoICE + sdld,  page 18.
Hexadecimal  [32-Bits]

Area                                    Addr        Size        Decimal Bytes (Attributes)
--------------------------------        ----        ----        ------- ----- ------------
GSINIT                              000000BA    00000041 =          65. bytes (REL,CON,CODE)

      Value  Global                              Global Defined In Module
      -----  --------------------------------   ------------------------
ASxxxx Linker V03.00 + NoICE + sdld,  page 19.
Hexadecimal  [32-Bits]

Area                                    Addr        Size        Decimal Bytes (Attributes)
--------------------------------        ----        ----        ------- ----- ------------
GSFINAL                             000000FB    00000003 =           3. bytes (REL,CON,CODE)

      Value  Global                              Global Defined In Module
      -----  --------------------------------   ------------------------
ASxxxx Linker V03.00 + NoICE + sdld,  page 20.
Hexadecimal  [32-Bits]

Area                                    Addr        Size        Decimal Bytes (Attributes)
--------------------------------        ----        ----        ------- ----- ------------
CSEG                                000000FE    00001C43 =        7235. bytes (REL,CON,CODE)

      Value  Global                              Global Defined In Module
      -----  --------------------------------   ------------------------
C:   000000FE  _TIM2_begin                        N76_WS2812
C:   00000123  _main                              N76_WS2812
C:   000003A3  _ADC_INT_FUCTION                   N76_WS2812
C:   000003E0  _PIN_INT_FUCTION                   N76_WS2812
C:   000004F4  _timer2                            N76_WS2812
C:   000005CD  __delay_ms                         include
C:   00000607  __delay_us                         include
C:   0000065B  _APROM_read_byte                   N76_Flash
C:   00000660  _APROM_read_2byte                  N76_Flash
C:   0000066B  _APROM_write_byte                  N76_Flash
C:   000006C5  _Erase_APROM                       N76_Flash
C:   0000071F  _random                            WS2812
C:   00000745  _random2                           WS2812
C:   0000077B  _LED__SendZero_                    WS2812
C:   00000788  _LED__SendOne_                     WS2812
C:   00000796  _LED__SendByte_                    WS2812
C:   0000082E  _clearAll                          WS2812
C:   00000861  _showStrip                         WS2812
C:   000008D5  _setPixel                          WS2812
C:   0000091D  _setAll                            WS2812
C:   00000953  _FadeInOut                         WS2812
C:   00000BFB  _Strobe                            WS2812
C:   00000CE4  _CylonBounce                       WS2812
C:   00001070  _colorWipe                         WS2812
C:   00001115  _rainbowCycle                      WS2812
C:   00001236  _theaterChase                      WS2812
C:   00001382  _theaterChaseRainbow               WS2812
C:   0000152D  _Pattern3                          WS2812
C:   00001639  _fadeToBlackBy                     WS2812
C:   00001741  _meteorRain                        WS2812
C:   00001742  _sinWave                           WS2812
C:   0000185C  __divuint                          _divuint
C:   00001885  _rand                              rand
C:   000018F1  _srand                             rand
C:   00001905  ___fsmul                           _fsmul
C:   000019A8  fsgetargs                          _fsget2args
C:   000019D6  fs_normalize_a                     _fsnormalize
C:   00001A09  __mulint                           _mulint
C:   00001A09  __mulint_dummy                     _mulint
C:   00001A26  __moduint                          _moduint
C:   00001A73  __mullong                          _mullong
C:   00001A73  __mullong_dummy                    _mullong
C:   00001AE1  ___sint2fs                         _sint2fs
C:   00001AEE  fs_round_and_return                _fsreturnval
C:   00001B06  fs_zerocheck_return                _fsreturnval
C:   00001B0F  fs_return_zero                     _fsreturnval
C:   00001B17  fs_direct_return                   _fsreturnval
C:   00001B25  fs_return_inf                      _fsreturnval
C:   00001B32  fs_return_nan                      _fsreturnval
C:   00001B3D  ___fsdiv                           _fsdiv
ASxxxx Linker V03.00 + NoICE + sdld,  page 21.
Hexadecimal  [32-Bits]

Area                                    Addr        Size        Decimal Bytes (Attributes)
--------------------------------        ----        ----        ------- ----- ------------
CSEG                                000000FE    00001C43 =        7235. bytes (REL,CON,CODE)

      Value  Global                              Global Defined In Module
      -----  --------------------------------   ------------------------
C:   00001C00  ___uchar2fs                        _uchar2fs
C:   00001C0B  ___fs2uchar                        _fs2uchar
C:   00001C13  __modsint                          _modsint
C:   00001C49  ___slong2fs                        _slong2fs
C:   00001C52  slong2fs_doit                      _slong2fs
C:   00001C76  ___ulong2fs                        _ulong2fs
C:   00001C7F  ulong2fs_doit                      _ulong2fs
C:   00001C89  __divsint                          _divsint
C:   00001CC1  __sdcc_external_startup            _startup
C:   00001CC5  ___fs2ulong                        _fs2ulong
C:   00001CC7  fs2ulong_begin                     _fs2ulong
C:   00001CEC  fs_rshift_a                        _fsrshift
C:   00001D2F  fsgetarg                           _fsget1arg
ASxxxx Linker V03.00 + NoICE + sdld,  page 22.

Files Linked                              [ module(s) ]

./output/N76_WS2812.rel                   [  ]
./output/include.rel                      [  ]
./output/N76_Flash.rel                    [  ]
./output/WS2812.rel                       [  ]


Libraries Linked                          [ object file ]

/usr/bin/../share/sdcc/lib/small/libint.lib
                                          [ _divuint.rel ]
/usr/bin/../share/sdcc/lib/small/libsdcc.lib
                                          [ rand.rel ]
/usr/bin/../share/sdcc/lib/small/libfloat.lib
                                          [ _fsmul.rel ]
/usr/bin/../share/sdcc/lib/small/libfloat.lib
                                          [ _fsget2args.rel ]
/usr/bin/../share/sdcc/lib/small/mcs51.lib
                                          [ crtclear.rel ]
/usr/bin/../share/sdcc/lib/small/libfloat.lib
                                          [ _fsnormalize.rel ]
/usr/bin/../share/sdcc/lib/small/mcs51.lib
                                          [ crtxinit.rel ]
/usr/bin/../share/sdcc/lib/small/libint.lib
                                          [ _mulint.rel ]
/usr/bin/../share/sdcc/lib/small/libint.lib
                                          [ _moduint.rel ]
/usr/bin/../share/sdcc/lib/small/liblong.lib
                                          [ _mullong.rel ]
/usr/bin/../share/sdcc/lib/small/mcs51.lib
                                          [ crtxclear.rel ]
/usr/bin/../share/sdcc/lib/small/libfloat.lib
                                          [ _sint2fs.rel ]
/usr/bin/../share/sdcc/lib/small/libfloat.lib
                                          [ _fsreturnval.rel ]
/usr/bin/../share/sdcc/lib/small/mcs51.lib
                                          [ crtpagesfr.rel ]
/usr/bin/../share/sdcc/lib/small/libfloat.lib
                                          [ _fsdiv.rel ]
/usr/bin/../share/sdcc/lib/small/mcs51.lib
                                          [ crtstart.rel ]
/usr/bin/../share/sdcc/lib/small/libfloat.lib
                                          [ _uchar2fs.rel ]
/usr/bin/../share/sdcc/lib/small/libfloat.lib
                                          [ _fs2uchar.rel ]
/usr/bin/../share/sdcc/lib/small/libint.lib
                                          [ _modsint.rel ]
/usr/bin/../share/sdcc/lib/small/libfloat.lib
                                          [ _slong2fs.rel ]
/usr/bin/../share/sdcc/lib/small/libfloat.lib
                                          [ _ulong2fs.rel ]
/usr/bin/../share/sdcc/lib/small/libint.lib
                                          [ _divsint.rel ]
/usr/bin/../share/sdcc/lib/small/libsdcc.lib
                                          [ _startup.rel ]
/usr/bin/../share/sdcc/lib/small/libfloat.lib
                                          [ _fs2ulong.rel ]
/usr/bin/../share/sdcc/lib/small/libfloat.lib
                                          [ _fsrshift.rel ]
/usr/bin/../share/sdcc/lib/small/libfloat.lib
                                          [ _fsget1arg.rel ]

ASxxxx Linker V03.00 + NoICE + sdld,  page 23.

User Base Address Definitions

HOME = 0x0000
XSEG = 0x0001
PSEG = 0x0001
ISEG = 0x0000
BSEG = 0x0000

