ASxxxx Linker V03.00 + NoICE + sdld,  page 1.
Hexadecimal  [32-Bits]

Area                                    Addr        Size        Decimal Bytes (Attributes)
--------------------------------        ----        ----        ------- ----- ------------
CABS                                00000000    00000000 =           0. bytes (ABS,CON,CODE)

      Value  Global                              Global Defined In Module
      -----  --------------------------------   ------------------------
C:   00000000  l_BSEG                          
C:   00000000  l_BSEG_BYTES                    
C:   00000000  l_CABS                          
C:   00000000  l_CONST                         
C:   00000000  l_GSINIT1                       
C:   00000000  l_GSINIT5                       
C:   00000000  l_IABS                          
C:   00000000  l_ISEG                          
C:   00000000  l_PSEG                          
C:   00000000  l_REG_BANK_1                    
C:   00000000  l_REG_BANK_2                    
C:   00000000  l_REG_BANK_3                    
C:   00000000  l_RSEG                          
C:   00000000  l_RSEG0                         
C:   00000000  l_RSEG1                         
C:   00000000  l_XABS                          
C:   00000000  l_XINIT                         
C:   00000000  l_XISEG                         
C:   00000000  l_XSEG                          
C:   00000000  l__CODE                         
C:   00000000  s_BSEG                          
C:   00000000  s_CABS                          
C:   00000000  s_DSEG                          
C:   00000000  s_HOME                          
C:   00000000  s_IABS                          
C:   00000000  s_ISEG                          
C:   00000000  s_REG_BANK_0                    
C:   00000000  s_RSEG                          
C:   00000000  s_RSEG0                         
C:   00000000  s_RSEG1                         
C:   00000000  s_XABS                          
C:   00000001  l_BIT_BANK                      
C:   00000001  s_PSEG                          
C:   00000001  s_XISEG                         
C:   00000001  s_XSEG                          
C:   00000003  l_GSFINAL                       
C:   00000003  l_GSINIT0                       
C:   00000004  l_OSEG                          
C:   00000008  l_REG_BANK_0                    
C:   00000008  s_REG_BANK_1                    
C:   0000000A  l_GSINIT2                       
C:   0000000E  l_GSINIT                        
C:   00000010  s_REG_BANK_2                    
C:   00000016  s_OSEG                          
C:   00000018  s_REG_BANK_3                    
C:   00000020  s_BIT_BANK                      
C:   00000020  s_BSEG_BYTES                    
C:   00000020  s__CODE                         
C:   00000022  l_GSINIT3                       
C:   0000002A  l_GSINIT4                       
ASxxxx Linker V03.00 + NoICE + sdld,  page 2.
Hexadecimal  [32-Bits]

Area                                    Addr        Size        Decimal Bytes (Attributes)
--------------------------------        ----        ----        ------- ----- ------------
CABS                                00000000    00000000 =           0. bytes (ABS,CON,CODE)

      Value  Global                              Global Defined In Module
      -----  --------------------------------   ------------------------
C:   00000061  l_HOME                          
C:   00000061  s_GSINIT0                       
C:   00000064  s_GSINIT1                       
C:   00000064  s_GSINIT2                       
C:   0000006E  s_GSINIT3                       
C:   00000079  s_SSEG                          
C:   0000007A  l_DSEG                          
C:   00000087  l_SSEG                          
C:   00000090  s_GSINIT4                       
C:   000000BA  s_GSINIT                        
C:   000000BA  s_GSINIT5                       
C:   000000C8  s_GSFINAL                       
C:   000000CB  s_CSEG                          
C:   00000100  l_IRAM                          
C:   00002389  l_CSEG                          
C:   00002454  s_CONST                         
C:   00002454  s_XINIT                         

ASxxxx Linker V03.00 + NoICE + sdld,  page 3.
Hexadecimal  [32-Bits]

Area                                    Addr        Size        Decimal Bytes (Attributes)
--------------------------------        ----        ----        ------- ----- ------------
.  .ABS.                            00000000    00000000 =           0. bytes (ABS,CON)

      Value  Global                              Global Defined In Module
      -----  --------------------------------   ------------------------
     00000000  .__.ABS.                           _fs2ulong
     00000080  _p0                                include
     00000081  _sp                                include
     00000082  _dpl                               include
     00000083  _dph                               include
     00000084  _rctrim0                           include
     00000085  _rctrim1                           include
     00000086  _rwk                               include
     00000087  _pcon                              include
     00000088  _tcon                              include
     00000089  _tmod                              include
     0000008A  _tl0                               include
     0000008B  _tl1                               include
     0000008C  _th0                               include
     0000008D  _th1                               include
     0000008E  _ckcon                             include
     0000008F  _wkcon                             include
     00000090  _p1                                include
     00000091  _sfrs                              include
     00000092  _capcon0                           include
     00000093  _capcon1                           include
     00000094  _capcon2                           include
     00000095  _ckdiv                             include
     00000096  _ckswt                             include
     00000097  _cken                              include
     00000098  _scon                              include
     00000099  _sbuf                              include
     0000009A  _sbuf_1                            include
     0000009B  _eie                               include
     0000009C  _eie1                              include
     0000009F  _chpcon                            include
     000000A0  __XPAGE                            
     000000A0  _p2                                include
     000000A2  _auxr1                             include
     000000A3  _bodcon0                           include
     000000A4  _iaptrg                            include
     000000A5  _iapuen                            include
     000000A6  _iapal                             include
     000000A7  _iapah                             include
     000000A8  _ie                                include
     000000A9  _saddr                             include
     000000AA  _wdcon                             include
     000000AB  _bodcon1                           include
     000000AC  _p3m1                              include
     000000AC  _p3s                               include
     000000AD  _p3m2                              include
     000000AD  _p3sr                              include
     000000AE  _iapfd                             include
     000000AF  _iapcn                             include
     000000B0  _p3                                include
ASxxxx Linker V03.00 + NoICE + sdld,  page 4.
Hexadecimal  [32-Bits]

Area                                    Addr        Size        Decimal Bytes (Attributes)
--------------------------------        ----        ----        ------- ----- ------------
.  .ABS.                            00000000    00000000 =           0. bytes (ABS,CON)

      Value  Global                              Global Defined In Module
      -----  --------------------------------   ------------------------
     000000B1  _p0m1                              include
     000000B1  _p0s                               include
     000000B2  _p0m2                              include
     000000B2  _p0sr                              include
     000000B3  _p1m1                              include
     000000B3  _p1s                               include
     000000B4  _p1m2                              include
     000000B4  _p1sr                              include
     000000B5  _p2s                               include
     000000B7  _iph                               include
     000000B7  _pwmintc                           include
     000000B8  _ip                                include
     000000B9  _saden                             include
     000000BA  _saden_1                           include
     000000BB  _saddr_1                           include
     000000BC  _i2dat                             include
     000000BD  _i2stat                            include
     000000BE  _i2clk                             include
     000000BF  _i2toc                             include
     000000C0  _i2con                             include
     000000C1  _i2addr                            include
     000000C2  _adcrl                             include
     000000C3  _adcrh                             include
     000000C4  _pwm4h                             include
     000000C4  _t3con                             include
     000000C5  _pwm5h                             include
     000000C5  _rl3                               include
     000000C6  _piocon1                           include
     000000C6  _rh3                               include
     000000C7  _ta                                include
     000000C8  _t2con                             include
     000000C9  _t2mod                             include
     000000CA  _rcmp2l                            include
     000000CB  _rcmp2h                            include
     000000CC  _pwm4l                             include
     000000CC  _tl2                               include
     000000CD  _pwm5l                             include
     000000CD  _th2                               include
     000000CE  _adcmpl                            include
     000000CF  _adcmph                            include
     000000D0  _psw                               include
     000000D1  _pwmph                             include
     000000D2  _pwm0h                             include
     000000D3  _pwm1h                             include
     000000D4  _pwm2h                             include
     000000D5  _pwm3h                             include
     000000D6  _pnp                               include
     000000D7  _fbd                               include
     000000D8  _pwmcon0                           include
     000000D9  _pwmpl                             include
     000000DA  _pwm0l                             include
ASxxxx Linker V03.00 + NoICE + sdld,  page 5.
Hexadecimal  [32-Bits]

Area                                    Addr        Size        Decimal Bytes (Attributes)
--------------------------------        ----        ----        ------- ----- ------------
.  .ABS.                            00000000    00000000 =           0. bytes (ABS,CON)

      Value  Global                              Global Defined In Module
      -----  --------------------------------   ------------------------
     000000DB  _pwm1l                             include
     000000DC  _pwm2l                             include
     000000DD  _pwm3l                             include
     000000DE  _piocon0                           include
     000000DF  _pwmcon1                           include
     000000E0  _acc                               include
     000000E1  _adccon1                           include
     000000E2  _adccon2                           include
     000000E3  _adcdly                            include
     000000E4  _c0l                               include
     000000E5  _c0h                               include
     000000E6  _c1l                               include
     000000E7  _c1h                               include
     000000E8  _adccon0                           include
     000000E9  _picon                             include
     000000EA  _pinen                             include
     000000EB  _pipen                             include
     000000EC  _pif                               include
     000000ED  _c2l                               include
     000000EE  _c2h                               include
     000000EF  _eip                               include
     000000F0  _b                                 include
     000000F1  _capcon3                           include
     000000F2  _capcon4                           include
     000000F3  _spcr                              include
     000000F3  _spcr2                             include
     000000F4  _spsr                              include
     000000F5  _B_5                               _gptrget
     000000F5  _spdr                              include
     000000F6  _B_6                               _gptrget
     000000F6  _aindids                           include
     000000F7  _B_7                               _gptrget
     000000F7  _eiph                              include
     000000F8  _scon_1                            include
     000000F9  _pdten                             include
     000000FA  _pdtcnt                            include
     000000FB  _pmen                              include
     000000FC  _pmd                               include
     000000FE  _eip1                              include
     000000FF  _eiph1                             include
ASxxxx Linker V03.00 + NoICE + sdld,  page 6.
Hexadecimal  [32-Bits]

Area                                    Addr        Size        Decimal Bytes (Attributes)
--------------------------------        ----        ----        ------- ----- ------------
REG_BANK_0                          00000000    00000008 =           8. bytes (REL,OVR)

      Value  Global                              Global Defined In Module
      -----  --------------------------------   ------------------------
ASxxxx Linker V03.00 + NoICE + sdld,  page 7.
Hexadecimal  [32-Bits]

Area                                    Addr        Size        Decimal Bytes (Attributes)
--------------------------------        ----        ----        ------- ----- ------------
BIT_BANK                            00000020    00000001 =           1. bytes (REL,OVR)

      Value  Global                              Global Defined In Module
      -----  --------------------------------   ------------------------
ASxxxx Linker V03.00 + NoICE + sdld,  page 8.
Hexadecimal  [32-Bits]

Area                                    Addr        Size        Decimal Bytes (Attributes)
--------------------------------        ----        ----        ------- ----- ------------
DSEG                                00000000    0000007A =         122. bytes (REL,CON)

      Value  Global                              Global Defined In Module
      -----  --------------------------------   ------------------------
     00000008  _NUM_LEDS                          N76_WS2812
     0000000A  __delay                            N76_WS2812
     0000000C  _effect                            N76_WS2812
     0000000D  __status                           N76_WS2812
     0000000E  __cnt                              N76_WS2812
     00000013  _bp                                _bp
     00000014  _errno                             errno
     00000020  _sincosf_PARM_2                    sincosf
     00000021  _random2_PARM_2                    WS2812
     00000023  _setPixel_PARM_2                   WS2812
     00000024  _setPixel_PARM_3                   WS2812
     00000025  _setPixel_PARM_4                   WS2812
     00000026  _setAll_PARM_2                     WS2812
     00000027  _setAll_PARM_3                     WS2812
     00000028  _FadeInOut_PARM_2                  WS2812
     00000029  _FadeInOut_PARM_3                  WS2812
     00000030  _Strobe_PARM_2                     WS2812
     00000031  _Strobe_PARM_3                     WS2812
     00000032  _Strobe_PARM_4                     WS2812
     00000034  _Strobe_PARM_5                     WS2812
     00000036  _Strobe_PARM_6                     WS2812
     00000038  _CylonBounce_PARM_2                WS2812
     00000039  _CylonBounce_PARM_3                WS2812
     0000003A  _CylonBounce_PARM_4                WS2812
     0000003C  _CylonBounce_PARM_5                WS2812
     0000003E  _CylonBounce_PARM_6                WS2812
     00000048  _Twinkle_PARM_2                    WS2812
     00000049  _Twinkle_PARM_3                    WS2812
     0000004A  _Twinkle_PARM_4                    WS2812
     0000004C  _Twinkle_PARM_5                    WS2812
     0000004E  _Twinkle_PARM_6                    WS2812
     0000004F  _TwinkleRandom_PARM_2              WS2812
     00000051  _TwinkleRandom_PARM_3              WS2812
     00000055  _Sparkle_PARM_2                    WS2812
     00000056  _Sparkle_PARM_3                    WS2812
     00000057  _Sparkle_PARM_4                    WS2812
     00000059  _SnowSparkle_PARM_2                WS2812
     0000005A  _SnowSparkle_PARM_3                WS2812
     0000005B  _SnowSparkle_PARM_4                WS2812
     0000005D  _SnowSparkle_PARM_5                WS2812
     0000005F  _colorWipe_PARM_2                  WS2812
     00000060  _colorWipe_PARM_3                  WS2812
     00000061  _colorWipe_PARM_4                  WS2812
     00000069  _theaterChase_PARM_2               WS2812
     0000006A  _theaterChase_PARM_3               WS2812
     0000006B  _theaterChase_PARM_4               WS2812
     00000077  _Pattern3_PARM_2                   WS2812
     00000078  _Pattern3_PARM_3                   WS2812
ASxxxx Linker V03.00 + NoICE + sdld,  page 9.
Hexadecimal  [32-Bits]

Area                                    Addr        Size        Decimal Bytes (Attributes)
--------------------------------        ----        ----        ------- ----- ------------
OSEG                                00000016    00000004 =           4. bytes (REL,OVR)

      Value  Global                              Global Defined In Module
      -----  --------------------------------   ------------------------
     00000016  _APROM_write_byte_PARM_2           N76_Flash
     00000016  _TIM2_begin_PARM_2                 N76_WS2812
     00000016  __divsint_PARM_2                   _divuint
     00000016  __divuint_PARM_2                   _divuint
     00000016  __modsint_PARM_2                   _moduint
     00000016  __moduint_PARM_2                   _moduint
     00000016  __mulint_PARM_2                    _mulint
     00000016  __mullong_PARM_2                   _mullong
     00000016  _xRamWrite_PARM_2                  include
ASxxxx Linker V03.00 + NoICE + sdld,  page 10.
Hexadecimal  [32-Bits]

Area                                    Addr        Size        Decimal Bytes (Attributes)
--------------------------------        ----        ----        ------- ----- ------------
SSEG                                00000079    00000087 =         135. bytes (REL,OVR)

      Value  Global                              Global Defined In Module
      -----  --------------------------------   ------------------------
     00000079  __start__stack                     N76_WS2812

ASxxxx Linker V03.00 + NoICE + sdld,  page 11.
Hexadecimal  [32-Bits]

Area                                    Addr        Size        Decimal Bytes (Attributes)
--------------------------------        ----        ----        ------- ----- ------------
HOME                                00000000    00000061 =          97. bytes (REL,CON,CODE)

      Value  Global                              Global Defined In Module
      -----  --------------------------------   ------------------------
C:   0000005E  __sdcc_program_startup             N76_WS2812

ASxxxx Linker V03.00 + NoICE + sdld,  page 12.
Hexadecimal  [32-Bits]

Area                                    Addr        Size        Decimal Bytes (Attributes)
--------------------------------        ----        ----        ------- ----- ------------
GSINIT0                             00000061    00000003 =           3. bytes (REL,CON,CODE)

      Value  Global                              Global Defined In Module
      -----  --------------------------------   ------------------------
C:   00000061  __sdcc_gsinit_startup              

ASxxxx Linker V03.00 + NoICE + sdld,  page 13.
Hexadecimal  [32-Bits]

Area                                    Addr        Size        Decimal Bytes (Attributes)
--------------------------------        ----        ----        ------- ----- ------------
GSINIT2                             00000064    0000000A =          10. bytes (REL,CON,CODE)

      Value  Global                              Global Defined In Module
      -----  --------------------------------   ------------------------
ASxxxx Linker V03.00 + NoICE + sdld,  page 14.
Hexadecimal  [32-Bits]

Area                                    Addr        Size        Decimal Bytes (Attributes)
--------------------------------        ----        ----        ------- ----- ------------
GSINIT3                             0000006E    00000022 =          34. bytes (REL,CON,CODE)

      Value  Global                              Global Defined In Module
      -----  --------------------------------   ------------------------
C:   0000006E  __mcs51_genXINIT                   

ASxxxx Linker V03.00 + NoICE + sdld,  page 15.
Hexadecimal  [32-Bits]

Area                                    Addr        Size        Decimal Bytes (Attributes)
--------------------------------        ----        ----        ------- ----- ------------
GSINIT4                             00000090    0000002A =          42. bytes (REL,CON,CODE)

      Value  Global                              Global Defined In Module
      -----  --------------------------------   ------------------------
C:   00000090  __mcs51_genRAMCLEAR                
C:   00000096  __mcs51_genXRAMCLEAR               

ASxxxx Linker V03.00 + NoICE + sdld,  page 16.
Hexadecimal  [32-Bits]

Area                                    Addr        Size        Decimal Bytes (Attributes)
--------------------------------        ----        ----        ------- ----- ------------
GSINIT                              000000BA    0000000E =          14. bytes (REL,CON,CODE)

      Value  Global                              Global Defined In Module
      -----  --------------------------------   ------------------------
ASxxxx Linker V03.00 + NoICE + sdld,  page 17.
Hexadecimal  [32-Bits]

Area                                    Addr        Size        Decimal Bytes (Attributes)
--------------------------------        ----        ----        ------- ----- ------------
GSFINAL                             000000C8    00000003 =           3. bytes (REL,CON,CODE)

      Value  Global                              Global Defined In Module
      -----  --------------------------------   ------------------------
ASxxxx Linker V03.00 + NoICE + sdld,  page 18.
Hexadecimal  [32-Bits]

Area                                    Addr        Size        Decimal Bytes (Attributes)
--------------------------------        ----        ----        ------- ----- ------------
CSEG                                000000CB    00002389 =        9097. bytes (REL,CON,CODE)

      Value  Global                              Global Defined In Module
      -----  --------------------------------   ------------------------
C:   000000CB  _TIM2_begin                        N76_WS2812
C:   000000F2  _main                              N76_WS2812
C:   00000402  _ADC_INT_FUCTION                   N76_WS2812
C:   0000043F  _PIN_INT_FUCTION                   N76_WS2812
C:   0000049F  _timer2                            N76_WS2812
C:   00000569  _APROM_read_byte                   N76_Flash
C:   0000056E  _APROM_read_2byte                  N76_Flash
C:   00000579  _APROM_write_byte                  N76_Flash
C:   000005D3  _Erase_APROM                       N76_Flash
C:   0000062D  _random                            WS2812
C:   00000653  _random2                           WS2812
C:   00000689  _LED__SendZero_                    WS2812
C:   00000696  _LED__SendOne_                     WS2812
C:   000006A4  _LED__SendByte_                    WS2812
C:   0000073C  _clearAll                          WS2812
C:   00000780  _showStrip                         WS2812
C:   000007FF  _setPixel                          WS2812
C:   00000849  _setAll                            WS2812
C:   0000087F  _FadeInOut                         WS2812
C:   00000B1A  _Strobe                            WS2812
C:   00000BFF  _CylonBounce                       WS2812
C:   00000F7E  _Twinkle                           WS2812
C:   00001038  _TwinkleRandom                     WS2812
C:   00001146  _Sparkle                           WS2812
C:   000011BB  _SnowSparkle                       WS2812
C:   00001250  _colorWipe                         WS2812
C:   000012D2  _rainbowCycle                      WS2812
C:   000013B8  _Wheel                             WS2812
C:   00001419  _theaterChase                      WS2812
C:   00001559  _theaterChaseRainbow               WS2812
C:   000016CC  _Pattern3                          WS2812
C:   00001847  __delay_ms                         include
C:   00001881  __delay_us                         include
C:   000018D5  _xRamRead                          include
C:   000018D9  _xRamWrite                         include
C:   000018DD  _xRamInc                           include
C:   000018E3  _xRamDec                           include
C:   000018E9  __divuint                          _divuint
C:   00001912  _rand                              rand
C:   0000197E  _srand                             rand
C:   00001992  ___fsmul                           _fsmul
C:   00001A35  fsgetargs                          _fsget2args
C:   00001A63  fs_normalize_a                     _fsnormalize
C:   00001A96  _cosf                              cosf
C:   00001AC2  _sinf                              sinf
C:   00001AEC  _sincosf                           sincosf
C:   00001F1F  ___fslt                            _fslt
C:   00001F4F  __mulint                           _mulint
C:   00001F4F  __mulint_dummy                     _mulint
C:   00001F6C  __mullong                          _mullong
ASxxxx Linker V03.00 + NoICE + sdld,  page 19.
Hexadecimal  [32-Bits]

Area                                    Addr        Size        Decimal Bytes (Attributes)
--------------------------------        ----        ----        ------- ----- ------------
CSEG                                000000CB    00002389 =        9097. bytes (REL,CON,CODE)

      Value  Global                              Global Defined In Module
      -----  --------------------------------   ------------------------
C:   00001F6C  __mullong_dummy                    _mullong
C:   00001FDA  __moduint                          _moduint
C:   00002027  ___fsadd                           _fsadd
C:   0000202A  fsadd_direct_entry                 _fsadd
C:   00002080  _fabsf                             fabsf
C:   000020DB  fs_compare_uint32                  _fscmp
C:   000020F9  fs_check_negative_zeros            _fscmp
C:   00002124  ___fs2sint                         _fs2sint
C:   00002158  ___sint2fs                         _sint2fs
C:   00002165  fs_round_and_return                _fsreturnval
C:   0000217D  fs_zerocheck_return                _fsreturnval
C:   00002186  fs_return_zero                     _fsreturnval
C:   0000218E  fs_direct_return                   _fsreturnval
C:   0000219C  fs_return_inf                      _fsreturnval
C:   000021A9  fs_return_nan                      _fsreturnval
C:   000021B4  fs_swap_a_b                        _fsswapargs
C:   000021CE  ___fsdiv                           _fsdiv
C:   00002291  ___uchar2fs                        _uchar2fs
C:   0000229C  ___fs2uchar                        _fs2uchar
C:   000022A4  __gptrget                          _gptrget
C:   000022C0  __modsint                          _modsint
C:   000022F6  ___slong2fs                        _slong2fs
C:   000022FF  slong2fs_doit                      _slong2fs
C:   00002323  ___ulong2fs                        _ulong2fs
C:   0000232C  ulong2fs_doit                      _ulong2fs
C:   00002336  __divsint                          _divsint
C:   0000236E  ___fssub                           _fssub
C:   00002379  fs_rshift_a                        _fsrshift
C:   000023BC  ___fs2slong                        _fs2slong
C:   00002417  __sdcc_external_startup            _startup
C:   0000241B  fsgetarg                           _fsget1arg
C:   0000242D  ___fs2ulong                        _fs2ulong
C:   0000242F  fs2ulong_begin                     _fs2ulong

ASxxxx Linker V03.00 + NoICE + sdld,  page 20.

Files Linked                              [ module(s) ]

./output/N76_WS2812.rel                   [  ]
./output/N76_Flash.rel                    [  ]
./output/WS2812.rel                       [  ]
./output/include.rel                      [  ]


Libraries Linked                          [ object file ]

C:\Program Files\SDCC\bin\..\lib\small/libint.lib
                                          [ _divuint.rel ]
C:\Program Files\SDCC\bin\..\lib\small/libsdcc.lib
                                          [ rand.rel ]
C:\Program Files\SDCC\bin\..\lib\small/libfloat.lib
                                          [ _fsmul.rel ]
C:\Program Files\SDCC\bin\..\lib\small/libfloat.lib
                                          [ _fsget2args.rel ]
C:\Program Files\SDCC\bin\..\lib\small/mcs51.lib
                                          [ crtclear.rel ]
C:\Program Files\SDCC\bin\..\lib\small/libfloat.lib
                                          [ _fsnormalize.rel ]
C:\Program Files\SDCC\bin\..\lib\small/libfloat.lib
                                          [ cosf.rel ]
C:\Program Files\SDCC\bin\..\lib\small/mcs51.lib
                                          [ crtxinit.rel ]
C:\Program Files\SDCC\bin\..\lib\small/libfloat.lib
                                          [ sinf.rel ]
C:\Program Files\SDCC\bin\..\lib\small/libfloat.lib
                                          [ sincosf.rel ]
C:\Program Files\SDCC\bin\..\lib\small/libfloat.lib
                                          [ _fslt.rel ]
C:\Program Files\SDCC\bin\..\lib\small/libint.lib
                                          [ _mulint.rel ]
C:\Program Files\SDCC\bin\..\lib\small/liblong.lib
                                          [ _mullong.rel ]
C:\Program Files\SDCC\bin\..\lib\small/libint.lib
                                          [ _moduint.rel ]
C:\Program Files\SDCC\bin\..\lib\small/libfloat.lib
                                          [ _fsadd.rel ]
C:\Program Files\SDCC\bin\..\lib\small/mcs51.lib
                                          [ crtxclear.rel ]
C:\Program Files\SDCC\bin\..\lib\small/libfloat.lib
                                          [ fabsf.rel ]
C:\Program Files\SDCC\bin\..\lib\small/libfloat.lib
                                          [ _fscmp.rel ]
C:\Program Files\SDCC\bin\..\lib\small/libfloat.lib
                                          [ _fs2sint.rel ]
C:\Program Files\SDCC\bin\..\lib\small/libfloat.lib
                                          [ _sint2fs.rel ]
C:\Program Files\SDCC\bin\..\lib\small/libsdcc.lib
                                          [ _bp.rel ]
C:\Program Files\SDCC\bin\..\lib\small/libfloat.lib
                                          [ _fsreturnval.rel ]
C:\Program Files\SDCC\bin\..\lib\small/mcs51.lib
                                          [ crtpagesfr.rel ]
C:\Program Files\SDCC\bin\..\lib\small/libfloat.lib
                                          [ _fsswapargs.rel ]
C:\Program Files\SDCC\bin\..\lib\small/libfloat.lib
                                          [ _fsdiv.rel ]
C:\Program Files\SDCC\bin\..\lib\small/mcs51.lib
                                          [ crtstart.rel ]
C:\Program Files\SDCC\bin\..\lib\small/libfloat.lib
                                          [ _uchar2fs.rel ]
C:\Program Files\SDCC\bin\..\lib\small/libfloat.lib
                                          [ _fs2uchar.rel ]
C:\Program Files\SDCC\bin\..\lib\small/libsdcc.lib
                                          [ _gptrget.rel ]
C:\Program Files\SDCC\bin\..\lib\small/libint.lib
                                          [ _modsint.rel ]
C:\Program Files\SDCC\bin\..\lib\small/libfloat.lib
                                          [ _slong2fs.rel ]
C:\Program Files\SDCC\bin\..\lib\small/libfloat.lib
                                          [ _ulong2fs.rel ]
C:\Program Files\SDCC\bin\..\lib\small/libint.lib
                                          [ _divsint.rel ]
C:\Program Files\SDCC\bin\..\lib\small/libfloat.lib
                                          [ _fssub.rel ]
C:\Program Files\SDCC\bin\..\lib\small/libfloat.lib
                                          [ errno.rel ]
C:\Program Files\SDCC\bin\..\lib\small/libfloat.lib
                                          [ _fsrshift.rel ]
C:\Program Files\SDCC\bin\..\lib\small/libfloat.lib
                                          [ _fs2slong.rel ]
C:\Program Files\SDCC\bin\..\lib\small/libsdcc.lib
                                          [ _startup.rel ]
C:\Program Files\SDCC\bin\..\lib\small/libfloat.lib
                                          [ _fsget1arg.rel ]
C:\Program Files\SDCC\bin\..\lib\small/libfloat.lib
                                          [ _fs2ulong.rel ]

ASxxxx Linker V03.00 + NoICE + sdld,  page 21.

User Base Address Definitions

HOME = 0x0000
XSEG = 0x0001
PSEG = 0x0001
ISEG = 0x0000
BSEG = 0x0000

